MAIN                                                                                                          PAGE 1

                       1    $MOD51
                       2    
0000                   3    ORG 00h
0000 759850            4    MOV SCON, #50h
0003 758920            5    MOV TMOD, #20h
0006 758DE8            6    MOV TH1, #0E8h
0009 D28E              7    SETB TR1
000B 7850              8    MOV R0, #50h
000D 790A              9    MOV R1, #10
                      10    
000F                  11    LOOP:
000F 3098FD           12            JNB RI, $
0012 E599             13            MOV A, SBUF
0014 F6               14            MOV @R0, A
0015 C298             15            CLR RI
0017 08               16            INC R0
0018 D9F5             17            DJNZ R1, LOOP
                      18    
001A 80FE             19    SJMP $
                      20    
                      21    END

VERSION 1.2k ASSEMBLY COMPLETE, 0 ERRORS FOUND
MAIN                                                                                                          PAGE 2

LOOP . . . . . . . . . . . . . .  C ADDR  000FH  
RI . . . . . . . . . . . . . . .  B ADDR  0098H  PREDEFINED  
SBUF . . . . . . . . . . . . . .  D ADDR  0099H  PREDEFINED  
SCON . . . . . . . . . . . . . .  D ADDR  0098H  PREDEFINED  
TH1. . . . . . . . . . . . . . .  D ADDR  008DH  PREDEFINED  
TMOD . . . . . . . . . . . . . .  D ADDR  0089H  PREDEFINED  
TR1. . . . . . . . . . . . . . .  B ADDR  008EH  PREDEFINED  
